------------------------------------------------------------
Timing Analyzer Summary
------------------------------------------------------------

Type  : Slow 1200mV 85C Model Setup 'ADC_CLK_10'
Slack : 3.206
TNS   : 0.000

Type  : Slow 1200mV 85C Model Setup 'u3|altpll_0|sd1|pll7|clk[0]'
Slack : 5.863
TNS   : 0.000

Type  : Slow 1200mV 85C Model Setup 'MAX10_CLK1_50'
Slack : 15.798
TNS   : 0.000

Type  : Slow 1200mV 85C Model Setup 'MAX10_CLK2_50'
Slack : 17.259
TNS   : 0.000

Type  : Slow 1200mV 85C Model Setup 'p1|altpll_component|auto_generated|pll1|clk[0]'
Slack : 29.945
TNS   : 0.000

Type  : Slow 1200mV 85C Model Setup 'u3|altpll_0|sd1|pll7|clk[2]'
Slack : 40.231
TNS   : 0.000

Type  : Slow 1200mV 85C Model Setup 'altera_reserved_tck'
Slack : 43.330
TNS   : 0.000

Type  : Slow 1200mV 85C Model Hold 'ADC_CLK_10'
Slack : 0.194
TNS   : 0.000

Type  : Slow 1200mV 85C Model Hold 'u3|altpll_0|sd1|pll7|clk[0]'
Slack : 0.204
TNS   : 0.000

Type  : Slow 1200mV 85C Model Hold 'u3|altpll_0|sd1|pll7|clk[2]'
Slack : 0.271
TNS   : 0.000

Type  : Slow 1200mV 85C Model Hold 'altera_reserved_tck'
Slack : 0.308
TNS   : 0.000

Type  : Slow 1200mV 85C Model Hold 'MAX10_CLK1_50'
Slack : 0.310
TNS   : 0.000

Type  : Slow 1200mV 85C Model Hold 'p1|altpll_component|auto_generated|pll1|clk[0]'
Slack : 0.324
TNS   : 0.000

Type  : Slow 1200mV 85C Model Hold 'MAX10_CLK2_50'
Slack : 0.344
TNS   : 0.000

Type  : Slow 1200mV 85C Model Recovery 'p1|altpll_component|auto_generated|pll1|clk[0]'
Slack : 11.500
TNS   : 0.000

Type  : Slow 1200mV 85C Model Recovery 'u3|altpll_0|sd1|pll7|clk[0]'
Slack : 18.168
TNS   : 0.000

Type  : Slow 1200mV 85C Model Recovery 'MAX10_CLK1_50'
Slack : 18.224
TNS   : 0.000

Type  : Slow 1200mV 85C Model Recovery 'altera_reserved_tck'
Slack : 46.081
TNS   : 0.000

Type  : Slow 1200mV 85C Model Recovery 'u3|altpll_0|sd1|pll7|clk[2]'
Slack : 46.751
TNS   : 0.000

Type  : Slow 1200mV 85C Model Recovery 'ADC_CLK_10'
Slack : 95.154
TNS   : 0.000

Type  : Slow 1200mV 85C Model Removal 'MAX10_CLK1_50'
Slack : 0.472
TNS   : 0.000

Type  : Slow 1200mV 85C Model Removal 'altera_reserved_tck'
Slack : 0.864
TNS   : 0.000

Type  : Slow 1200mV 85C Model Removal 'ADC_CLK_10'
Slack : 0.887
TNS   : 0.000

Type  : Slow 1200mV 85C Model Removal 'u3|altpll_0|sd1|pll7|clk[2]'
Slack : 2.077
TNS   : 0.000

Type  : Slow 1200mV 85C Model Removal 'u3|altpll_0|sd1|pll7|clk[0]'
Slack : 2.170
TNS   : 0.000

Type  : Slow 1200mV 85C Model Removal 'p1|altpll_component|auto_generated|pll1|clk[0]'
Slack : 4.654
TNS   : 0.000

Type  : Slow 1200mV 85C Model Minimum Pulse Width 'MAX10_CLK1_50'
Slack : 9.555
TNS   : 0.000

Type  : Slow 1200mV 85C Model Minimum Pulse Width 'MAX10_CLK2_50'
Slack : 9.587
TNS   : 0.000

Type  : Slow 1200mV 85C Model Minimum Pulse Width 'u3|altpll_0|sd1|pll7|clk[0]'
Slack : 10.250
TNS   : 0.000

Type  : Slow 1200mV 85C Model Minimum Pulse Width 'p1|altpll_component|auto_generated|pll1|clk[0]'
Slack : 19.689
TNS   : 0.000

Type  : Slow 1200mV 85C Model Minimum Pulse Width 'u3|altpll_0|sd1|pll7|clk[2]'
Slack : 24.650
TNS   : 0.000

Type  : Slow 1200mV 85C Model Minimum Pulse Width 'u3|altpll_1|sd1|pll7|clk[0]'
Slack : 44.375
TNS   : 0.000

Type  : Slow 1200mV 85C Model Minimum Pulse Width 'ADC_CLK_10'
Slack : 49.468
TNS   : 0.000

Type  : Slow 1200mV 85C Model Minimum Pulse Width 'altera_reserved_tck'
Slack : 49.566
TNS   : 0.000

Type  : Slow 1200mV 85C Model Minimum Pulse Width 'u3|onchip_flash_0|altera_onchip_flash_block|ufm_block|osc'
Slack : 90.663
TNS   : 0.000

Type  : Slow 1200mV 0C Model Setup 'ADC_CLK_10'
Slack : 3.267
TNS   : 0.000

Type  : Slow 1200mV 0C Model Setup 'u3|altpll_0|sd1|pll7|clk[0]'
Slack : 6.485
TNS   : 0.000

Type  : Slow 1200mV 0C Model Setup 'MAX10_CLK1_50'
Slack : 16.204
TNS   : 0.000

Type  : Slow 1200mV 0C Model Setup 'MAX10_CLK2_50'
Slack : 17.527
TNS   : 0.000

Type  : Slow 1200mV 0C Model Setup 'p1|altpll_component|auto_generated|pll1|clk[0]'
Slack : 30.887
TNS   : 0.000

Type  : Slow 1200mV 0C Model Setup 'u3|altpll_0|sd1|pll7|clk[2]'
Slack : 41.159
TNS   : 0.000

Type  : Slow 1200mV 0C Model Setup 'altera_reserved_tck'
Slack : 43.972
TNS   : 0.000

Type  : Slow 1200mV 0C Model Hold 'ADC_CLK_10'
Slack : 0.185
TNS   : 0.000

Type  : Slow 1200mV 0C Model Hold 'u3|altpll_0|sd1|pll7|clk[0]'
Slack : 0.201
TNS   : 0.000

Type  : Slow 1200mV 0C Model Hold 'u3|altpll_0|sd1|pll7|clk[2]'
Slack : 0.252
TNS   : 0.000

Type  : Slow 1200mV 0C Model Hold 'altera_reserved_tck'
Slack : 0.279
TNS   : 0.000

Type  : Slow 1200mV 0C Model Hold 'MAX10_CLK1_50'
Slack : 0.282
TNS   : 0.000

Type  : Slow 1200mV 0C Model Hold 'p1|altpll_component|auto_generated|pll1|clk[0]'
Slack : 0.293
TNS   : 0.000

Type  : Slow 1200mV 0C Model Hold 'MAX10_CLK2_50'
Slack : 0.314
TNS   : 0.000

Type  : Slow 1200mV 0C Model Recovery 'p1|altpll_component|auto_generated|pll1|clk[0]'
Slack : 12.672
TNS   : 0.000

Type  : Slow 1200mV 0C Model Recovery 'MAX10_CLK1_50'
Slack : 18.380
TNS   : 0.000

Type  : Slow 1200mV 0C Model Recovery 'u3|altpll_0|sd1|pll7|clk[0]'
Slack : 18.869
TNS   : 0.000

Type  : Slow 1200mV 0C Model Recovery 'altera_reserved_tck'
Slack : 46.462
TNS   : 0.000

Type  : Slow 1200mV 0C Model Recovery 'u3|altpll_0|sd1|pll7|clk[2]'
Slack : 47.064
TNS   : 0.000

Type  : Slow 1200mV 0C Model Recovery 'ADC_CLK_10'
Slack : 95.628
TNS   : 0.000

Type  : Slow 1200mV 0C Model Removal 'MAX10_CLK1_50'
Slack : 0.440
TNS   : 0.000

Type  : Slow 1200mV 0C Model Removal 'altera_reserved_tck'
Slack : 0.797
TNS   : 0.000

Type  : Slow 1200mV 0C Model Removal 'ADC_CLK_10'
Slack : 0.824
TNS   : 0.000

Type  : Slow 1200mV 0C Model Removal 'u3|altpll_0|sd1|pll7|clk[2]'
Slack : 1.894
TNS   : 0.000

Type  : Slow 1200mV 0C Model Removal 'u3|altpll_0|sd1|pll7|clk[0]'
Slack : 1.973
TNS   : 0.000

Type  : Slow 1200mV 0C Model Removal 'p1|altpll_component|auto_generated|pll1|clk[0]'
Slack : 3.803
TNS   : 0.000

Type  : Slow 1200mV 0C Model Minimum Pulse Width 'MAX10_CLK1_50'
Slack : 9.579
TNS   : 0.000

Type  : Slow 1200mV 0C Model Minimum Pulse Width 'MAX10_CLK2_50'
Slack : 9.602
TNS   : 0.000

Type  : Slow 1200mV 0C Model Minimum Pulse Width 'u3|altpll_0|sd1|pll7|clk[0]'
Slack : 10.188
TNS   : 0.000

Type  : Slow 1200mV 0C Model Minimum Pulse Width 'p1|altpll_component|auto_generated|pll1|clk[0]'
Slack : 19.697
TNS   : 0.000

Type  : Slow 1200mV 0C Model Minimum Pulse Width 'u3|altpll_0|sd1|pll7|clk[2]'
Slack : 24.670
TNS   : 0.000

Type  : Slow 1200mV 0C Model Minimum Pulse Width 'u3|altpll_1|sd1|pll7|clk[0]'
Slack : 44.379
TNS   : 0.000

Type  : Slow 1200mV 0C Model Minimum Pulse Width 'ADC_CLK_10'
Slack : 49.479
TNS   : 0.000

Type  : Slow 1200mV 0C Model Minimum Pulse Width 'altera_reserved_tck'
Slack : 49.594
TNS   : 0.000

Type  : Slow 1200mV 0C Model Minimum Pulse Width 'u3|onchip_flash_0|altera_onchip_flash_block|ufm_block|osc'
Slack : 90.668
TNS   : 0.000

Type  : Fast 1200mV 0C Model Setup 'ADC_CLK_10'
Slack : 3.576
TNS   : 0.000

Type  : Fast 1200mV 0C Model Setup 'u3|altpll_0|sd1|pll7|clk[0]'
Slack : 9.202
TNS   : 0.000

Type  : Fast 1200mV 0C Model Setup 'MAX10_CLK1_50'
Slack : 17.934
TNS   : 0.000

Type  : Fast 1200mV 0C Model Setup 'MAX10_CLK2_50'
Slack : 18.690
TNS   : 0.000

Type  : Fast 1200mV 0C Model Setup 'p1|altpll_component|auto_generated|pll1|clk[0]'
Slack : 34.922
TNS   : 0.000

Type  : Fast 1200mV 0C Model Setup 'u3|altpll_0|sd1|pll7|clk[2]'
Slack : 45.088
TNS   : 0.000

Type  : Fast 1200mV 0C Model Setup 'altera_reserved_tck'
Slack : 46.958
TNS   : 0.000

Type  : Fast 1200mV 0C Model Hold 'ADC_CLK_10'
Slack : 0.073
TNS   : 0.000

Type  : Fast 1200mV 0C Model Hold 'u3|altpll_0|sd1|pll7|clk[0]'
Slack : 0.090
TNS   : 0.000

Type  : Fast 1200mV 0C Model Hold 'u3|altpll_0|sd1|pll7|clk[2]'
Slack : 0.118
TNS   : 0.000

Type  : Fast 1200mV 0C Model Hold 'altera_reserved_tck'
Slack : 0.140
TNS   : 0.000

Type  : Fast 1200mV 0C Model Hold 'MAX10_CLK1_50'
Slack : 0.142
TNS   : 0.000

Type  : Fast 1200mV 0C Model Hold 'p1|altpll_component|auto_generated|pll1|clk[0]'
Slack : 0.147
TNS   : 0.000

Type  : Fast 1200mV 0C Model Hold 'MAX10_CLK2_50'
Slack : 0.156
TNS   : 0.000

Type  : Fast 1200mV 0C Model Recovery 'p1|altpll_component|auto_generated|pll1|clk[0]'
Slack : 15.651
TNS   : 0.000

Type  : Fast 1200mV 0C Model Recovery 'MAX10_CLK1_50'
Slack : 19.109
TNS   : 0.000

Type  : Fast 1200mV 0C Model Recovery 'u3|altpll_0|sd1|pll7|clk[0]'
Slack : 21.440
TNS   : 0.000

Type  : Fast 1200mV 0C Model Recovery 'altera_reserved_tck'
Slack : 48.210
TNS   : 0.000

Type  : Fast 1200mV 0C Model Recovery 'u3|altpll_0|sd1|pll7|clk[2]'
Slack : 48.329
TNS   : 0.000

Type  : Fast 1200mV 0C Model Recovery 'ADC_CLK_10'
Slack : 97.415
TNS   : 0.000

Type  : Fast 1200mV 0C Model Removal 'MAX10_CLK1_50'
Slack : 0.215
TNS   : 0.000

Type  : Fast 1200mV 0C Model Removal 'altera_reserved_tck'
Slack : 0.398
TNS   : 0.000

Type  : Fast 1200mV 0C Model Removal 'ADC_CLK_10'
Slack : 0.411
TNS   : 0.000

Type  : Fast 1200mV 0C Model Removal 'u3|altpll_0|sd1|pll7|clk[0]'
Slack : 1.024
TNS   : 0.000

Type  : Fast 1200mV 0C Model Removal 'u3|altpll_0|sd1|pll7|clk[2]'
Slack : 1.109
TNS   : 0.000

Type  : Fast 1200mV 0C Model Removal 'p1|altpll_component|auto_generated|pll1|clk[0]'
Slack : 2.152
TNS   : 0.000

Type  : Fast 1200mV 0C Model Minimum Pulse Width 'MAX10_CLK1_50'
Slack : 9.301
TNS   : 0.000

Type  : Fast 1200mV 0C Model Minimum Pulse Width 'MAX10_CLK2_50'
Slack : 9.331
TNS   : 0.000

Type  : Fast 1200mV 0C Model Minimum Pulse Width 'u3|altpll_0|sd1|pll7|clk[0]'
Slack : 10.443
TNS   : 0.000

Type  : Fast 1200mV 0C Model Minimum Pulse Width 'p1|altpll_component|auto_generated|pll1|clk[0]'
Slack : 19.722
TNS   : 0.000

Type  : Fast 1200mV 0C Model Minimum Pulse Width 'u3|altpll_0|sd1|pll7|clk[2]'
Slack : 24.713
TNS   : 0.000

Type  : Fast 1200mV 0C Model Minimum Pulse Width 'u3|altpll_1|sd1|pll7|clk[0]'
Slack : 44.903
TNS   : 0.000

Type  : Fast 1200mV 0C Model Minimum Pulse Width 'ADC_CLK_10'
Slack : 49.269
TNS   : 0.000

Type  : Fast 1200mV 0C Model Minimum Pulse Width 'altera_reserved_tck'
Slack : 49.416
TNS   : 0.000

Type  : Fast 1200mV 0C Model Minimum Pulse Width 'u3|onchip_flash_0|altera_onchip_flash_block|ufm_block|osc'
Slack : 90.686
TNS   : 0.000

------------------------------------------------------------
