----------------------------------------------------------------
-Pin Report - Date: Sat Oct 14 14:50:12 2023 Pinchecksum: NOT-AVAILABLE
-Product: Designer
-Release: v12.6
-Version: 12.900.20.24
-Design Name: SF2Project
-Family: SmartFusion2
-Die: M2S010
-Package: 484 FBGA
-----------------------------------------------------------------

Port                  |Pin |Fixed |Function                                               |Bank     |I/O Std   |Direction                      |I/O state in Flash*Freeze mode |Resistor Pull                      |I/O available in Flash*Freeze mode |Schmitt Trigger |Odt_Static    |Odt Imp (Ohm)  |Low Power Exit |Input Delay |Slew         |Pre-Emphasis      |Output Drive (mA) |Output Load (pF) |
----------------------|----|------|-------------------------------------------------------|---------|----------|-------------------------------|-------------------------------|-----------------------------------|-----------------------------------|----------------|--------------|---------------|---------------|------------|-------------|------------------|------------------|-----------------|
I2C_0_SCL              G16  Yes    MSIO28NB1/I2C_0_SCL/GPIO_31_B/USB_DATA1_C               Bank1     LVCMOS25   Inout                           TRISTATE                        None                                No                                  Off              ---            ---             Off             Off          SLOW          ---                4                  5                 
I2C_0_SDA              G17  Yes    MSIO28PB1/I2C_0_SDA/GPIO_30_B/USB_DATA0_C               Bank1     LVCMOS25   Inout                           TRISTATE                        None                                No                                  Off              ---            ---             Off             Off          SLOW          ---                4                  5                 
I2C_1_SCL              R22  Yes    MSIO11NB2/CCC_NE0_CLKI2/I2C_1_SCL/GPIO_1_A/USB_DATA4_A  Bank2     LVCMOS25   Inout                           TRISTATE                        None                                No                                  Off              ---            ---             Off             Off          SLOW          ---                4                  5                 
I2C_1_SDA              P22  Yes    MSIO11PB2/CCC_NE0_CLKI1/I2C_1_SDA/GPIO_0_A/USB_DATA3_A  Bank2     LVCMOS25   Inout                           TRISTATE                        None                                No                                  Off              ---            ---             Off             Off          SLOW          ---                4                  5                 
MDDR_ADDR[0]           B17  Yes    DDRIO37NB0/MDDR_ADDR0                                   Bank0     SSTL18I    Output                          TRISTATE                        None                                No                                  ---              ---            ---             ---             ---          ---           ---                ---                5                 
MDDR_ADDR[1]           D16  Yes    DDRIO36PB0/MDDR_ADDR1                                   Bank0     SSTL18I    Output                          TRISTATE                        None                                No                                  ---              ---            ---             ---             ---          ---           ---                ---                5                 
MDDR_ADDR[2]           E16  Yes    DDRIO36NB0/MDDR_ADDR2                                   Bank0     SSTL18I    Output                          TRISTATE                        None                                No                                  ---              ---            ---             ---             ---          ---           ---                ---                5                 
MDDR_ADDR[3]           C17  Yes    DDRIO35PB0/MDDR_ADDR3                                   Bank0     SSTL18I    Output                          TRISTATE                        None                                No                                  ---              ---            ---             ---             ---          ---           ---                ---                5                 
MDDR_ADDR[4]           C18  Yes    DDRIO35NB0/MDDR_ADDR4                                   Bank0     SSTL18I    Output                          TRISTATE                        None                                No                                  ---              ---            ---             ---             ---          ---           ---                ---                5                 
MDDR_ADDR[5]           B19  Yes    DDRIO34PB0/MDDR_ADDR5                                   Bank0     SSTL18I    Output                          TRISTATE                        None                                No                                  ---              ---            ---             ---             ---          ---           ---                ---                5                 
MDDR_ADDR[6]           A20  Yes    DDRIO34NB0/MDDR_ADDR6                                   Bank0     SSTL18I    Output                          TRISTATE                        None                                No                                  ---              ---            ---             ---             ---          ---           ---                ---                5                 
MDDR_ADDR[7]           C19  Yes    DDRIO33NB0/MDDR_ADDR7                                   Bank0     SSTL18I    Output                          TRISTATE                        None                                No                                  ---              ---            ---             ---             ---          ---           ---                ---                5                 
MDDR_ADDR[8]           E17  Yes    DDRIO32PB0/MDDR_ADDR8                                   Bank0     SSTL18I    Output                          TRISTATE                        None                                No                                  ---              ---            ---             ---             ---          ---           ---                ---                5                 
MDDR_ADDR[9]           F17  Yes    DDRIO32NB0/MDDR_ADDR9                                   Bank0     SSTL18I    Output                          TRISTATE                        None                                No                                  ---              ---            ---             ---             ---          ---           ---                ---                5                 
MDDR_ADDR[10]          A21  Yes    DDRIO31PB0/MDDR_ADDR10                                  Bank0     SSTL18I    Output                          TRISTATE                        None                                No                                  ---              ---            ---             ---             ---          ---           ---                ---                5                 
MDDR_ADDR[11]          B21  Yes    DDRIO31NB0/MDDR_ADDR11                                  Bank0     SSTL18I    Output                          TRISTATE                        None                                No                                  ---              ---            ---             ---             ---          ---           ---                ---                5                 
MDDR_ADDR[12]          E19  Yes    DDRIO30PB0/MDDR_ADDR12                                  Bank0     SSTL18I    Output                          TRISTATE                        None                                No                                  ---              ---            ---             ---             ---          ---           ---                ---                5                 
MDDR_ADDR[13]          D20  Yes    DDRIO30NB0/MDDR_ADDR13                                  Bank0     SSTL18I    Output                          TRISTATE                        None                                No                                  ---              ---            ---             ---             ---          ---           ---                ---                5                 
MDDR_ADDR[14]          D18  Yes    DDRIO29PB0/MDDR_ADDR14                                  Bank0     SSTL18I    Output                          TRISTATE                        None                                No                                  ---              ---            ---             ---             ---          ---           ---                ---                5                 
MDDR_ADDR[15]          E18  Yes    DDRIO29NB0/MDDR_ADDR15                                  Bank0     SSTL18I    Output                          TRISTATE                        None                                No                                  ---              ---            ---             ---             ---          ---           ---                ---                5                 
MDDR_BA[0]             A18  Yes    DDRIO38PB0/MDDR_BA0                                     Bank0     SSTL18I    Output                          TRISTATE                        None                                No                                  ---              ---            ---             ---             ---          ---           ---                ---                5                 
MDDR_BA[1]             A19  Yes    DDRIO38NB0/MDDR_BA1                                     Bank0     SSTL18I    Output                          TRISTATE                        None                                No                                  ---              ---            ---             ---             ---          ---           ---                ---                5                 
MDDR_BA[2]             C16  Yes    DDRIO37PB0/MDDR_BA2                                     Bank0     SSTL18I    Output                          TRISTATE                        None                                No                                  ---              ---            ---             ---             ---          ---           ---                ---                5                 
MDDR_CAS_N             F15  Yes    DDRIO40NB0/MDDR_CAS_N                                   Bank0     SSTL18I    Output                          TRISTATE                        None                                No                                  ---              ---            ---             ---             ---          ---           ---                ---                5                 
MDDR_CKE               B15  Yes    DDRIO41PB0/MDDR_CKE                                     Bank0     SSTL18I    Output                          TRISTATE                        None                                No                                  ---              ---            ---             ---             ---          ---           ---                ---                5                 
MDDR_CLK               A16  Yes    DDRIO39PB0/MDDR_CLK                                     Bank0     SSTL18I    Output                          TRISTATE                        None                                No                                  ---              ---            ---             ---             ---          ---           ---                ---                5                 
MDDR_CLK_N             A17  Yes    DDRIO39NB0/MDDR_CLK_N                                   Bank0     SSTL18I    Output                          TRISTATE                        None                                No                                  ---              ---            ---             ---             ---          ---           ---                ---                5                 
MDDR_CS_N              C15  Yes    DDRIO41NB0/MDDR_CS_N                                    Bank0     SSTL18I    Output                          TRISTATE                        None                                No                                  ---              ---            ---             ---             ---          ---           ---                ---                5                 
MDDR_DM_RDQS[0]        A10  Yes    DDRIO51PB0/MDDR_DM_RDQS0                                Bank0     SSTL18I    Inout                           TRISTATE                        None                                No                                  Off              Off            50              Off             Off          ---           ---                ---                5                 
MDDR_DM_RDQS[1]        G13  Yes    DDRIO45NB0/MDDR_DM_RDQS1                                Bank0     SSTL18I    Inout                           TRISTATE                        None                                No                                  Off              Off            50              Off             Off          ---           ---                ---                5                 
MDDR_DQ[0]             B9   Yes    DDRIO54PB0/MDDR_DQ0                                     Bank0     SSTL18I    Inout                           TRISTATE                        None                                No                                  Off              Off            50              Off             Off          ---           ---                ---                5                 
MDDR_DQ[1]             A9   Yes    DDRIO54NB0/MDDR_DQ1                                     Bank0     SSTL18I    Inout                           TRISTATE                        None                                No                                  Off              Off            50              Off             Off          ---           ---                ---                5                 
MDDR_DQ[2]             F10  Yes    DDRIO53PB0/MDDR_DQ2                                     Bank0     SSTL18I    Inout                           TRISTATE                        None                                No                                  Off              Off            50              Off             Off          ---           ---                ---                5                 
MDDR_DQ[3]             E10  Yes    DDRIO53NB0/MDDR_DQ3                                     Bank0     SSTL18I    Inout                           TRISTATE                        None                                No                                  Off              Off            50              Off             Off          ---           ---                ---                5                 
MDDR_DQ[4]             A11  Yes    DDRIO51NB0/MDDR_DQ4                                     Bank0     SSTL18I    Inout                           TRISTATE                        None                                No                                  Off              Off            50              Off             Off          ---           ---                ---                5                 
MDDR_DQ[5]             D10  Yes    DDRIO50PB0/MDDR_DQ5                                     Bank0     SSTL18I    Inout                           TRISTATE                        None                                No                                  Off              Off            50              Off             Off          ---           ---                ---                5                 
MDDR_DQ[6]             D11  Yes    DDRIO50NB0/MDDR_DQ6                                     Bank0     SSTL18I    Inout                           TRISTATE                        None                                No                                  Off              Off            50              Off             Off          ---           ---                ---                5                 
MDDR_DQ[7]             E12  Yes    DDRIO49PB0/MDDR_DQ7                                     Bank0     SSTL18I    Inout                           TRISTATE                        None                                No                                  Off              Off            50              Off             Off          ---           ---                ---                5                 
MDDR_DQ[8]             A12  Yes    DDRIO48PB0/MDDR_DQ8                                     Bank0     SSTL18I    Inout                           TRISTATE                        None                                No                                  Off              Off            50              Off             Off          ---           ---                ---                5                 
MDDR_DQ[9]             A13  Yes    DDRIO48NB0/MDDR_DQ9                                     Bank0     SSTL18I    Inout                           TRISTATE                        None                                No                                  Off              Off            50              Off             Off          ---           ---                ---                5                 
MDDR_DQ[10]            D12  Yes    DDRIO47PB0/MDDR_DQ10                                    Bank0     SSTL18I    Inout                           TRISTATE                        None                                No                                  Off              Off            50              Off             Off          ---           ---                ---                5                 
MDDR_DQ[11]            D13  Yes    DDRIO47NB0/MDDR_DQ11                                    Bank0     SSTL18I    Inout                           TRISTATE                        None                                No                                  Off              Off            50              Off             Off          ---           ---                ---                5                 
MDDR_DQ[12]            A14  Yes    DDRIO44PB0/MDDR_DQ12                                    Bank0     SSTL18I    Inout                           TRISTATE                        None                                No                                  Off              Off            50              Off             Off          ---           ---                ---                5                 
MDDR_DQ[13]            A15  Yes    DDRIO44NB0/MDDR_DQ13                                    Bank0     SSTL18I    Inout                           TRISTATE                        None                                No                                  Off              Off            50              Off             Off          ---           ---                ---                5                 
MDDR_DQ[14]            D14  Yes    DDRIO43PB0/MDDR_DQ14                                    Bank0     SSTL18I    Inout                           TRISTATE                        None                                No                                  Off              Off            50              Off             Off          ---           ---                ---                5                 
MDDR_DQ[15]            E13  Yes    DDRIO43NB0/MDDR_DQ15                                    Bank0     SSTL18I    Inout                           TRISTATE                        None                                No                                  Off              Off            50              Off             Off          ---           ---                ---                5                 
MDDR_DQS[0]            B11  Yes    DDRIO52PB0/MDDR_DQS0                                    Bank0     SSTL18I    Inout                           TRISTATE                        None                                No                                  Off              Off            50              Off             Off          ---           ---                ---                5                 
MDDR_DQS[1]            B13  Yes    DDRIO46PB0/MDDR_DQS1                                    Bank0     SSTL18I    Inout                           TRISTATE                        None                                No                                  Off              Off            50              Off             Off          ---           ---                ---                5                 
MDDR_DQS_N[0]          C11  Yes    DDRIO52NB0/MDDR_DQS0_N                                  Bank0     SSTL18I    Inout                           TRISTATE                        None                                No                                  Off              Off            50              Off             Off          ---           ---                ---                5                 
MDDR_DQS_N[1]          C13  Yes    DDRIO46NB0/MDDR_DQS1_N                                  Bank0     SSTL18I    Inout                           TRISTATE                        None                                No                                  Off              Off            50              Off             Off          ---           ---                ---                5                 
MDDR_DQS_TMATCH_0_IN   G12  Yes    DDRIO45PB0/MDDR_TMATCH_0_IN                             Bank0     SSTL18I    Input                           TRISTATE                        None                                No                                  Off              Off            50              Off             Off          ---           ---                ---                ---               
MDDR_DQS_TMATCH_0_OUT  F12  Yes    DDRIO49NB0/MDDR_TMATCH_0_OUT                            Bank0     SSTL18I    Output                          TRISTATE                        None                                No                                  ---              ---            ---             ---             ---          ---           ---                ---                5                 
MDDR_ODT               C20  Yes    DDRIO33PB0/MDDR_ODT                                     Bank0     SSTL18I    Output                          TRISTATE                        None                                No                                  ---              ---            ---             ---             ---          ---           ---                ---                5                 
MDDR_RAS_N             F14  Yes    DDRIO42PB0/MDDR_RAS_N                                   Bank0     SSTL18I    Output                          TRISTATE                        None                                No                                  ---              ---            ---             ---             ---          ---           ---                ---                5                 
MDDR_RESET_N           E15  Yes    DDRIO40PB0/MDDR_RESET_N                                 Bank0     SSTL18I    Output                          TRISTATE                        None                                No                                  ---              ---            ---             ---             ---          ---           ---                ---                5                 
MDDR_WE_N              G14  Yes    DDRIO42NB0/MDDR_WE_N                                    Bank0     SSTL18I    Output                          TRISTATE                        None                                No                                  ---              ---            ---             ---             ---          ---           ---                ---                5                 
MMUART_0_RXD           C22  Yes    MSIO27PB1/MMUART_0_RXD/GPIO_28_B/USB_STP_C              Bank1     LVCMOS25   Input                           TRISTATE                        None                                No                                  Off              ---            ---             Off             Off          ---           ---                ---                ---               
MMUART_0_TXD           D21  Yes    MSI26NB1/MMUART_0_TXD/GPIO_27_B/USB_DIR_C               Bank1     LVCMOS25   Output                          TRISTATE                        None                                No                                  ---              ---            ---             ---             ---          SLOW          ---                4                  5                 
MMUART_1_RXD           G18  Yes    MSIO22NB1/MMUART_1_RXD/GPIO_26_B/USB_DATA3_C            Bank1     LVCMOS25   Input                           TRISTATE                        None                                No                                  Off              ---            ---             Off             Off          ---           ---                ---                ---               
MMUART_1_TXD           H19  Yes    MSIO21NB1/MMUART_1_TXD/GPIO_24_B/USB_DATA2_C            Bank1     LVCMOS25   Output                          TRISTATE                        None                                No                                  ---              ---            ---             ---             ---          SLOW          ---                4                  5                 
SPI_0_CLK              N19  Yes    MSIO12PB2/SPI_0_CLK/USB_XCLK_A                          Bank2     LVCMOS25   Inout                           TRISTATE                        None                                No                                  Off              ---            ---             Off             Off          SLOW          ---                4                  5                 
SPI_0_DI               N20  Yes    MSIO12NB2/SPI_0_SDI/GPIO_5_A/USB_DIR_A                  Bank2     LVCMOS25   Input                           TRISTATE                        None                                No                                  Off              ---            ---             Off             Off          ---           ---                ---                ---               
SPI_0_DO               N21  Yes    MSIO13PB2/SPI_0_SDO/GPIO_6_A/USB_STP_A                  Bank2     LVCMOS25   Output                          TRISTATE                        None                                No                                  ---              ---            ---             ---             ---          SLOW          ---                4                  5                 
SPI_0_SS0              N22  Yes    MSIO13NB2/SPI_0_SS0/GPIO_7_A/USB_NXT_A                  Bank2     LVCMOS25   Inout                           TRISTATE                        None                                No                                  Off              ---            ---             Off             Off          SLOW          ---                4                  5                 
SPI_1_CLK              M21  Yes    MSIO14PB2/SPI_1_CLK                                     Bank2     LVCMOS25   Inout                           TRISTATE                        None                                No                                  Off              ---            ---             Off             Off          SLOW          ---                4                  5                 
SPI_1_DI               M22  Yes    MSIO14NB2/SPI_1_SDI/GPIO_11_A                           Bank2     LVCMOS25   Input                           TRISTATE                        None                                No                                  Off              ---            ---             Off             Off          ---           ---                ---                ---               
SPI_1_DO               L21  Yes    MSIO15PB2/SPI_1_SDO/GPIO_12_A                           Bank2     LVCMOS25   Output                          TRISTATE                        None                                No                                  ---              ---            ---             ---             ---          SLOW          ---                4                  5                 
SPI_1_SS0              L20  Yes    MSIO15NB2/SPI_1_SS0/GPIO_13_A                           Bank2     LVCMOS25   Inout                           TRISTATE                        None                                No                                  Off              ---            ---             Off             Off          SLOW          ---                4                  5                 
USB_ULPI_DATA[0]       V22  Yes    MSIO3PB2/USB_DATA0_B                                    Bank2     LVCMOS25   Inout                           TRISTATE                        None                                No                                  Off              ---            ---             Off             Off          SLOW          ---                4                  5                 
USB_ULPI_DATA[1]       V21  Yes    MSIO3NB2/USB_DATA1_B                                    Bank2     LVCMOS25   Inout                           TRISTATE                        None                                No                                  Off              ---            ---             Off             Off          SLOW          ---                4                  5                 
USB_ULPI_DATA[2]       U22  Yes    MSIO4PB2/USB_DATA2_B                                    Bank2     LVCMOS25   Inout                           TRISTATE                        None                                No                                  Off              ---            ---             Off             Off          SLOW          ---                4                  5                 
USB_ULPI_DATA[3]       U21  Yes    MSIO4NB2/USB_DATA3_B                                    Bank2     LVCMOS25   Inout                           TRISTATE                        None                                No                                  Off              ---            ---             Off             Off          SLOW          ---                4                  5                 
USB_ULPI_DATA[4]       T20  Yes    MSIO5PB2/USB_DATA4_B                                    Bank2     LVCMOS25   Inout                           TRISTATE                        None                                No                                  Off              ---            ---             Off             Off          SLOW          ---                4                  5                 
USB_ULPI_DATA[5]       T21  Yes    MSIO5NB2/USB_DATA5_B                                    Bank2     LVCMOS25   Inout                           TRISTATE                        None                                No                                  Off              ---            ---             Off             Off          SLOW          ---                4                  5                 
USB_ULPI_DATA[6]       P17  Yes    MSIO6PB2/USB_DATA6_B                                    Bank2     LVCMOS25   Inout                           TRISTATE                        None                                No                                  Off              ---            ---             Off             Off          SLOW          ---                4                  5                 
USB_ULPI_DATA[7]       V19  Yes    MSIO0NB2/USB_DATA7_B                                    Bank2     LVCMOS25   Inout                           TRISTATE                        None                                No                                  Off              ---            ---             Off             Off          SLOW          ---                4                  5                 
USB_ULPI_DIR           R18  Yes    MSIO1NB2/USB_DIR_B                                      Bank2     LVCMOS25   Input                           TRISTATE                        None                                No                                  Off              ---            ---             Off             Off          ---           ---                ---                ---               
USB_ULPI_NXT           T19  Yes    MSIO2NB2/USB_NXT_B                                      Bank2     LVCMOS25   Input                           TRISTATE                        None                                No                                  Off              ---            ---             Off             Off          ---           ---                ---                ---               
USB_ULPI_STP           T18  Yes    MSIO2PB2/USB_STP_B                                      Bank2     LVCMOS25   Output                          TRISTATE                        None                                No                                  ---              ---            ---             ---             ---          SLOW          ---                4                  5                 
USB_ULPI_XCLK          R17  Yes    MSIO1PB2/USB_XCLK_B                                     Bank2     LVCMOS25   Input                           TRISTATE                        None                                No                                  Off              ---            ---             Off             Off          ---           ---                ---                ---               
